#-----------------------------------------------------------
# Vivado v2025.2 (64-bit)
# SW Build 6299465 on Fri Nov 14 12:34:56 MST 2025
# IP Build 6300035 on Fri Nov 14 10:48:45 MST 2025
# SharedData Build 6298862 on Thu Nov 13 04:50:51 MST 2025
# Start of session at: Wed Mar 25 16:37:33 2026
# Process ID         : 48782
# Current directory  : /home/alessio/ssd_data/Alessio/uni magistrale/Programmable_Hardware_Devices/FPGA-project/project/uart_message_bin
# Command line       : vivado -mode batch -source run_uart_msg_loopback_sim.tcl
# Log file           : /home/alessio/ssd_data/Alessio/uni magistrale/Programmable_Hardware_Devices/FPGA-project/project/uart_message_bin/vivado.log
# Journal file       : /home/alessio/ssd_data/Alessio/uni magistrale/Programmable_Hardware_Devices/FPGA-project/project/uart_message_bin/vivado.jou
# Running On         : fedora.fritz.box
# Platform           : unknown
# Operating System   : unknown
# Processor Detail   : Intel(R) Core(TM) i7-9700 CPU @ 3.00GHz
# CPU Frequency      : 4481.356 MHz
# CPU Physical cores : 8
# CPU Logical cores  : 8
# Host memory        : 24866 MB
# Swap memory        : 8589 MB
# Total Virtual      : 33456 MB
# Available Virtual  : 24018 MB
#-----------------------------------------------------------
source run_uart_msg_loopback_sim.tcl
