Net Name | Fanout | Driver | Load Count
------------------------------------------
core_inst/Clk_IBUF_BUFG | 34039 | none | 681
core_inst/frontier_inst_n_5 | 8 | percolation_bfs_frontier | 7
core_inst/frontier_inst_n_4 | 2 | percolation_bfs_frontier | 1
core_inst/frontier_start_s_reg_n_0 | 8 | FDRE | 1
core_inst/frontier_inst_n_6 | 65 | percolation_bfs_frontier | 64
core_inst/hk_chunk_open_s_reg_n_0_[0] | 8 | FDRE | 1
core_inst/hk_chunk_open_s_reg_n_0_[10] | 13 | FDRE | 1
core_inst/hk_chunk_open_s_reg_n_0_[11] | 16 | FDRE | 1
core_inst/hk_chunk_open_s_reg_n_0_[12] | 14 | FDRE | 1
core_inst/hk_chunk_open_s_reg_n_0_[13] | 13 | FDRE | 1
core_inst/hk_chunk_open_s_reg_n_0_[14] | 14 | FDRE | 1
core_inst/hk_chunk_open_s_reg_n_0_[15] | 15 | FDRE | 1
core_inst/hk_chunk_open_s_reg_n_0_[16] | 15 | FDRE | 1
core_inst/hk_chunk_open_s_reg_n_0_[17] | 16 | FDRE | 1
core_inst/hk_chunk_open_s_reg_n_0_[18] | 15 | FDRE | 1
core_inst/hk_chunk_open_s_reg_n_0_[19] | 15 | FDRE | 1
core_inst/hk_chunk_open_s_reg_n_0_[1] | 9 | FDRE | 1
core_inst/hk_chunk_open_s_reg_n_0_[20] | 17 | FDRE | 1
core_inst/hk_chunk_open_s_reg_n_0_[21] | 17 | FDRE | 1
core_inst/hk_chunk_open_s_reg_n_0_[22] | 17 | FDRE | 1
core_inst/hk_chunk_open_s_reg_n_0_[23] | 17 | FDRE | 1
core_inst/hk_chunk_open_s_reg_n_0_[24] | 18 | FDRE | 1
core_inst/hk_chunk_open_s_reg_n_0_[25] | 17 | FDRE | 1
core_inst/hk_chunk_open_s_reg_n_0_[26] | 18 | FDRE | 1
core_inst/hk_chunk_open_s_reg_n_0_[27] | 18 | FDRE | 1
core_inst/hk_chunk_open_s_reg_n_0_[28] | 16 | FDRE | 1
core_inst/hk_chunk_open_s_reg_n_0_[29] | 15 | FDRE | 1
core_inst/hk_chunk_open_s_reg_n_0_[2] | 10 | FDRE | 1
core_inst/hk_chunk_open_s_reg_n_0_[30] | 15 | FDRE | 1
core_inst/hk_chunk_open_s_reg_n_0_[31] | 16 | FDRE | 1
core_inst/hk_chunk_open_s_reg_n_0_[32] | 15 | FDRE | 1
core_inst/hk_chunk_open_s_reg_n_0_[33] | 15 | FDRE | 1
core_inst/hk_chunk_open_s_reg_n_0_[34] | 16 | FDRE | 1
core_inst/hk_chunk_open_s_reg_n_0_[35] | 15 | FDRE | 1
core_inst/hk_chunk_open_s_reg_n_0_[36] | 17 | FDRE | 1
core_inst/hk_chunk_open_s_reg_n_0_[37] | 18 | FDRE | 1
core_inst/hk_chunk_open_s_reg_n_0_[38] | 18 | FDRE | 1
core_inst/hk_chunk_open_s_reg_n_0_[39] | 17 | FDRE | 1
core_inst/hk_chunk_open_s_reg_n_0_[3] | 10 | FDRE | 1
core_inst/hk_chunk_open_s_reg_n_0_[40] | 16 | FDRE | 1
core_inst/hk_chunk_open_s_reg_n_0_[41] | 16 | FDRE | 1
core_inst/hk_chunk_open_s_reg_n_0_[42] | 16 | FDRE | 1
core_inst/hk_chunk_open_s_reg_n_0_[43] | 16 | FDRE | 1
core_inst/hk_chunk_open_s_reg_n_0_[44] | 15 | FDRE | 1
core_inst/hk_chunk_open_s_reg_n_0_[45] | 15 | FDRE | 1
core_inst/hk_chunk_open_s_reg_n_0_[46] | 16 | FDRE | 1
core_inst/hk_chunk_open_s_reg_n_0_[47] | 15 | FDRE | 1
core_inst/hk_chunk_open_s_reg_n_0_[48] | 15 | FDRE | 1
core_inst/hk_chunk_open_s_reg_n_0_[49] | 14 | FDRE | 1
core_inst/hk_chunk_open_s_reg_n_0_[4] | 11 | FDRE | 1
core_inst/hk_chunk_open_s_reg_n_0_[50] | 14 | FDRE | 1
core_inst/hk_chunk_open_s_reg_n_0_[51] | 15 | FDRE | 1
core_inst/hk_chunk_open_s_reg_n_0_[52] | 13 | FDRE | 1
core_inst/hk_chunk_open_s_reg_n_0_[53] | 12 | FDRE | 1
core_inst/hk_chunk_open_s_reg_n_0_[54] | 16 | FDRE | 1
core_inst/hk_chunk_open_s_reg_n_0_[55] | 13 | FDRE | 1
core_inst/hk_chunk_open_s_reg_n_0_[56] | 10 | FDRE | 1
core_inst/hk_chunk_open_s_reg_n_0_[57] | 10 | FDRE | 1
core_inst/hk_chunk_open_s_reg_n_0_[58] | 12 | FDRE | 1
core_inst/hk_chunk_open_s_reg_n_0_[59] | 10 | FDRE | 1
core_inst/hk_chunk_open_s_reg_n_0_[5] | 10 | FDRE | 1
core_inst/hk_chunk_open_s_reg_n_0_[60] | 9 | FDRE | 1
core_inst/hk_chunk_open_s_reg_n_0_[61] | 10 | FDRE | 1
core_inst/hk_chunk_open_s_reg_n_0_[62] | 9 | FDRE | 1
core_inst/hk_chunk_open_s_reg_n_0_[63] | 7 | FDRE | 1
core_inst/hk_chunk_open_s_reg_n_0_[6] | 10 | FDRE | 1
core_inst/hk_chunk_open_s_reg_n_0_[7] | 12 | FDRE | 1
core_inst/hk_chunk_open_s_reg_n_0_[8] | 14 | FDRE | 1
core_inst/hk_chunk_open_s_reg_n_0_[9] | 14 | FDRE | 1
core_inst/Rst_IBUF | 11 | none | 7
core_inst/cfg_init_front | 3 | FDRE | 2
core_inst/frontier_done_s | 13 | percolation_bfs_frontier | 1
core_inst/grid_steps_reg[31][0] | 2 | none | 2
core_inst/grid_steps_reg[31][10] | 3 | none | 2
core_inst/grid_steps_reg[31][11] | 3 | none | 2
core_inst/grid_steps_reg[31][12] | 3 | none | 2
core_inst/grid_steps_reg[31][13] | 3 | none | 2
core_inst/grid_steps_reg[31][14] | 3 | none | 2
core_inst/grid_steps_reg[31][15] | 3 | none | 2
core_inst/grid_steps_reg[31][16] | 3 | none | 2
core_inst/grid_steps_reg[31][17] | 3 | none | 2
core_inst/grid_steps_reg[31][18] | 3 | none | 2
core_inst/grid_steps_reg[31][19] | 3 | none | 2
core_inst/grid_steps_reg[31][1] | 3 | none | 2
core_inst/grid_steps_reg[31][20] | 3 | none | 2
core_inst/grid_steps_reg[31][21] | 3 | none | 2
core_inst/grid_steps_reg[31][22] | 3 | none | 2
core_inst/grid_steps_reg[31][23] | 3 | none | 2
core_inst/grid_steps_reg[31][24] | 3 | none | 2
core_inst/grid_steps_reg[31][25] | 3 | none | 2
core_inst/grid_steps_reg[31][26] | 3 | none | 2
core_inst/grid_steps_reg[31][27] | 3 | none | 2
core_inst/grid_steps_reg[31][28] | 3 | none | 2
core_inst/grid_steps_reg[31][29] | 3 | none | 2
core_inst/grid_steps_reg[31][2] | 3 | none | 2
core_inst/grid_steps_reg[31][30] | 3 | none | 2
core_inst/grid_steps_reg[31][31] | 3 | none | 2
core_inst/grid_steps_reg[31][3] | 3 | none | 2
core_inst/grid_steps_reg[31][4] | 3 | none | 2
core_inst/grid_steps_reg[31][5] | 3 | none | 2
core_inst/grid_steps_reg[31][6] | 3 | none | 2
core_inst/grid_steps_reg[31][7] | 3 | none | 2
core_inst/grid_steps_reg[31][8] | 3 | none | 2
core_inst/grid_steps_reg[31][9] | 3 | none | 2
core_inst/rng_inst_n_72 | 5 | rng_hybrid_64 | 1
core_inst/p_0_in__0 | 825 | none | 34
core_inst/popcount_valid_reg | 23 | FDRE | 22
core_inst/frontier_inst_n_0 | 2 | percolation_bfs_frontier | 1
core_inst/runs_target_reg[0]_0 | 39 | none | 39
core_inst/hk_chunk_valid_s_reg_n_0 | 4 | FDRE | 1
core_inst/cfg_init_front_reg_rep_n_0 | 2 | FDRE | 1
core_inst/runs_done[0] | 65 | percolation_bfs_frontier | 64
core_inst/spanning_cnt[0] | 33 | percolation_bfs_frontier | 32
core_inst/state[0] | 113 | FDRE | 41
